Archive member included to satisfy reference by file (symbol)

C:/ST/STM32CubeIDE_1.19.0/STM32CubeIDE/plugins/com.st.stm32cube.ide.mcu.externaltools.gnu-tools-for-stm32.13.3.rel1.win32_1.0.0.202411081344/tools/bin/../lib/gcc/arm-none-eabi/13.3.1/../../../../arm-none-eabi/lib/thumb/v7e-m+fp/hard\libc_nano.a(libc_a-exit.o)
                              C:/ST/STM32CubeIDE_1.19.0/STM32CubeIDE/plugins/com.st.stm32cube.ide.mcu.externaltools.gnu-tools-for-stm32.13.3.rel1.win32_1.0.0.202411081344/tools/bin/../lib/gcc/arm-none-eabi/13.3.1/../../../../arm-none-eabi/lib/thumb/v7e-m+fp/hard/crt0.o (exit)
C:/ST/STM32CubeIDE_1.19.0/STM32CubeIDE/plugins/com.st.stm32cube.ide.mcu.externaltools.gnu-tools-for-stm32.13.3.rel1.win32_1.0.0.202411081344/tools/bin/../lib/gcc/arm-none-eabi/13.3.1/../../../../arm-none-eabi/lib/thumb/v7e-m+fp/hard\libc_nano.a(libc_a-findfp.o)
                              C:/ST/STM32CubeIDE_1.19.0/STM32CubeIDE/plugins/com.st.stm32cube.ide.mcu.externaltools.gnu-tools-for-stm32.13.3.rel1.win32_1.0.0.202411081344/tools/bin/../lib/gcc/arm-none-eabi/13.3.1/../../../../arm-none-eabi/lib/thumb/v7e-m+fp/hard\libc_nano.a(libc_a-exit.o) (__stdio_exit_handler)
C:/ST/STM32CubeIDE_1.19.0/STM32CubeIDE/plugins/com.st.stm32cube.ide.mcu.externaltools.gnu-tools-for-stm32.13.3.rel1.win32_1.0.0.202411081344/tools/bin/../lib/gcc/arm-none-eabi/13.3.1/../../../../arm-none-eabi/lib/thumb/v7e-m+fp/hard\libc_nano.a(libc_a-fwalk.o)
                              C:/ST/STM32CubeIDE_1.19.0/STM32CubeIDE/plugins/com.st.stm32cube.ide.mcu.externaltools.gnu-tools-for-stm32.13.3.rel1.win32_1.0.0.202411081344/tools/bin/../lib/gcc/arm-none-eabi/13.3.1/../../../../arm-none-eabi/lib/thumb/v7e-m+fp/hard\libc_nano.a(libc_a-findfp.o) (_fwalk_sglue)
C:/ST/STM32CubeIDE_1.19.0/STM32CubeIDE/plugins/com.st.stm32cube.ide.mcu.externaltools.gnu-tools-for-stm32.13.3.rel1.win32_1.0.0.202411081344/tools/bin/../lib/gcc/arm-none-eabi/13.3.1/../../../../arm-none-eabi/lib/thumb/v7e-m+fp/hard\libc_nano.a(libc_a-stdio.o)
                              C:/ST/STM32CubeIDE_1.19.0/STM32CubeIDE/plugins/com.st.stm32cube.ide.mcu.externaltools.gnu-tools-for-stm32.13.3.rel1.win32_1.0.0.202411081344/tools/bin/../lib/gcc/arm-none-eabi/13.3.1/../../../../arm-none-eabi/lib/thumb/v7e-m+fp/hard\libc_nano.a(libc_a-findfp.o) (__sread)
C:/ST/STM32CubeIDE_1.19.0/STM32CubeIDE/plugins/com.st.stm32cube.ide.mcu.externaltools.gnu-tools-for-stm32.13.3.rel1.win32_1.0.0.202411081344/tools/bin/../lib/gcc/arm-none-eabi/13.3.1/../../../../arm-none-eabi/lib/thumb/v7e-m+fp/hard\libc_nano.a(libc_a-memset.o)
                              C:/ST/STM32CubeIDE_1.19.0/STM32CubeIDE/plugins/com.st.stm32cube.ide.mcu.externaltools.gnu-tools-for-stm32.13.3.rel1.win32_1.0.0.202411081344/tools/bin/../lib/gcc/arm-none-eabi/13.3.1/../../../../arm-none-eabi/lib/thumb/v7e-m+fp/hard/crt0.o (memset)
C:/ST/STM32CubeIDE_1.19.0/STM32CubeIDE/plugins/com.st.stm32cube.ide.mcu.externaltools.gnu-tools-for-stm32.13.3.rel1.win32_1.0.0.202411081344/tools/bin/../lib/gcc/arm-none-eabi/13.3.1/../../../../arm-none-eabi/lib/thumb/v7e-m+fp/hard\libc_nano.a(libc_a-closer.o)
                              C:/ST/STM32CubeIDE_1.19.0/STM32CubeIDE/plugins/com.st.stm32cube.ide.mcu.externaltools.gnu-tools-for-stm32.13.3.rel1.win32_1.0.0.202411081344/tools/bin/../lib/gcc/arm-none-eabi/13.3.1/../../../../arm-none-eabi/lib/thumb/v7e-m+fp/hard\libc_nano.a(libc_a-stdio.o) (_close_r)
C:/ST/STM32CubeIDE_1.19.0/STM32CubeIDE/plugins/com.st.stm32cube.ide.mcu.externaltools.gnu-tools-for-stm32.13.3.rel1.win32_1.0.0.202411081344/tools/bin/../lib/gcc/arm-none-eabi/13.3.1/../../../../arm-none-eabi/lib/thumb/v7e-m+fp/hard\libc_nano.a(libc_a-reent.o)
                              C:/ST/STM32CubeIDE_1.19.0/STM32CubeIDE/plugins/com.st.stm32cube.ide.mcu.externaltools.gnu-tools-for-stm32.13.3.rel1.win32_1.0.0.202411081344/tools/bin/../lib/gcc/arm-none-eabi/13.3.1/../../../../arm-none-eabi/lib/thumb/v7e-m+fp/hard\libc_nano.a(libc_a-closer.o) (errno)
C:/ST/STM32CubeIDE_1.19.0/STM32CubeIDE/plugins/com.st.stm32cube.ide.mcu.externaltools.gnu-tools-for-stm32.13.3.rel1.win32_1.0.0.202411081344/tools/bin/../lib/gcc/arm-none-eabi/13.3.1/../../../../arm-none-eabi/lib/thumb/v7e-m+fp/hard\libc_nano.a(libc_a-impure.o)
                              C:/ST/STM32CubeIDE_1.19.0/STM32CubeIDE/plugins/com.st.stm32cube.ide.mcu.externaltools.gnu-tools-for-stm32.13.3.rel1.win32_1.0.0.202411081344/tools/bin/../lib/gcc/arm-none-eabi/13.3.1/../../../../arm-none-eabi/lib/thumb/v7e-m+fp/hard\libc_nano.a(libc_a-reent.o) (_impure_ptr)
C:/ST/STM32CubeIDE_1.19.0/STM32CubeIDE/plugins/com.st.stm32cube.ide.mcu.externaltools.gnu-tools-for-stm32.13.3.rel1.win32_1.0.0.202411081344/tools/bin/../lib/gcc/arm-none-eabi/13.3.1/../../../../arm-none-eabi/lib/thumb/v7e-m+fp/hard\libc_nano.a(libc_a-lseekr.o)
[...]
Memory Configuration

Name             Origin             Length             Attributes
CCMRAM           0x10000000         0x00010000         xrw
RAM              0x20000000         0x00020000         xrw
FLASH            0x08000000         0x00100000         xr
*default*        0x00000000         0xffffffff

Linker script and memory map

LOAD C:/ST/STM32CubeIDE_1.19.0/STM32CubeIDE/plugins/com.st.stm32cube.ide.mcu.externaltools.gnu-tools-for-stm32.13.3.rel1.win32_1.0.0.202411081344/tools/bin/../lib/gcc/arm-none-eabi/13.3.1/thumb/v7e-m+fp/hard/crti.o
LOAD C:/ST/STM32CubeIDE_1.19.0/STM32CubeIDE/plugins/com.st.stm32cube.ide.mcu.externaltools.gnu-tools-for-stm32.13.3.rel1.win32_1.0.0.202411081344/tools/bin/../lib/gcc/arm-none-eabi/13.3.1/thumb/v7e-m+fp/hard/crtbegin.o
LOAD C:/ST/STM32CubeIDE_1.19.0/STM32CubeIDE/plugins/com.st.stm32cube.ide.mcu.externaltools.gnu-tools-for-stm32.13.3.rel1.win32_1.0.0.202411081344/tools/bin/../lib/gcc/arm-none-eabi/13.3.1/../../../../arm-none-eabi/lib/thumb/v7e-m+fp/hard/crt0.o
LOAD ./Core/Src/main.o
LOAD ./Core/Src/stm32f4xx_hal_msp.o
LOAD ./Core/Src/stm32f4xx_it.o
LOAD ./Core/Src/syscalls.o
LOAD ./Core/Src/sysmem.o
LOAD ./Core/Src/system_stm32f4xx.o
LOAD ./Core/Startup/startup_stm32f407vgtx.o
LOAD ./Drivers/STM32F4xx_HAL_Driver/Src/stm32f4xx_hal.o
LOAD ./Drivers/STM32F4xx_HAL_Driver/Src/stm32f4xx_hal_cortex.o
LOAD ./Drivers/STM32F4xx_HAL_Driver/Src/stm32f4xx_hal_dma.o
LOAD ./Drivers/STM32F4xx_HAL_Driver/Src/stm32f4xx_hal_dma_ex.o
LOAD ./Drivers/STM32F4xx_HAL_Driver/Src/stm32f4xx_hal_exti.o
LOAD ./Drivers/STM32F4xx_HAL_Driver/Src/stm32f4xx_hal_flash.o
LOAD ./Drivers/STM32F4xx_HAL_Driver/Src/stm32f4xx_hal_flash_ex.o
LOAD ./Drivers/STM32F4xx_HAL_Driver/Src/stm32f4xx_hal_flash_ramfunc.o
LOAD ./Drivers/STM32F4xx_HAL_Driver/Src/stm32f4xx_hal_gpio.o
LOAD ./Drivers/STM32F4xx_HAL_Driver/Src/stm32f4xx_hal_pwr.o
LOAD ./Drivers/STM32F4xx_HAL_Driver/Src/stm32f4xx_hal_pwr_ex.o
LOAD ./Drivers/STM32F4xx_HAL_Driver/Src/stm32f4xx_hal_rcc.o
LOAD ./Drivers/STM32F4xx_HAL_Driver/Src/stm32f4xx_hal_rcc_ex.o
START GROUP
LOAD C:/ST/STM32CubeIDE_1.19.0/STM32CubeIDE/plugins/com.st.stm32cube.ide.mcu.externaltools.gnu-tools-for-stm32.13.3.rel1.win32_1.0.0.202411081344/tools/bin/../lib/gcc/arm-none-eabi/13.3.1/../../../../arm-none-eabi/lib/thumb/v7e-m+fp/hard\libc_nano.a
LOAD C:/ST/STM32CubeIDE_1.19.0/STM32CubeIDE/plugins/com.st.stm32cube.ide.mcu.externaltools.gnu-tools-for-stm32.13.3.rel1.win32_1.0.0.202411081344/tools/bin/../lib/gcc/arm-none-eabi/13.3.1/../../../../arm-none-eabi/lib/thumb/v7e-m+fp/hard\libm.a
END GROUP
START GROUP
LOAD C:/ST/STM32CubeIDE_1.19.0/STM32CubeIDE/plugins/com.st.stm32cube.ide.mcu.externaltools.gnu-tools-for-stm32.13.3.rel1.win32_1.0.0.202411081344/tools/bin/../lib/gcc/arm-none-eabi/13.3.1/thumb/v7e-m+fp/hard\libgcc.a
LOAD C:/ST/STM32CubeIDE_1.19.0/STM32CubeIDE/plugins/com.st.stm32cube.ide.mcu.externaltools.gnu-tools-for-stm32.13.3.rel1.win32_1.0.0.202411081344/tools/bin/../lib/gcc/arm-none-eabi/13.3.1/../../../../arm-none-eabi/lib/thumb/v7e-m+fp/hard\libc_nano.a
END GROUP
START GROUP
LOAD C:/ST/STM32CubeIDE_1.19.0/STM32CubeIDE/plugins/com.st.stm32cube.ide.mcu.externaltools.gnu-tools-for-stm32.13.3.rel1.win32_1.0.0.202411081344/tools/bin/../lib/gcc/arm-none-eabi/13.3.1/thumb/v7e-m+fp/hard\libgcc.a
LOAD C:/ST/STM32CubeIDE_1.19.0/STM32CubeIDE/plugins/com.st.stm32cube.ide.mcu.externaltools.gnu-tools-for-stm32.13.3.rel1.win32_1.0.0.202411081344/tools/bin/../lib/gcc/arm-none-eabi/13.3.1/../../../../arm-none-eabi/lib/thumb/v7e-m+fp/hard\libc_nano.a
LOAD C:/ST/STM32CubeIDE_1.19.0/STM32CubeIDE/plugins/com.st.stm32cube.ide.mcu.externaltools.gnu-tools-for-stm32.13.3.rel1.win32_1.0.0.202411081344/tools/bin/../lib/gcc/arm-none-eabi/13.3.1/../../../../arm-none-eabi/lib/thumb/v7e-m+fp/hard\libnosys.a
END GROUP
START GROUP
LOAD C:/ST/STM32CubeIDE_1.19.0/STM32CubeIDE/plugins/com.st.stm32cube.ide.mcu.externaltools.gnu-tools-for-stm32.13.3.rel1.win32_1.0.0.202411081344/tools/bin/../lib/gcc/arm-none-eabi/13.3.1/thumb/v7e-m+fp/hard\libgcc.a
LOAD C:/ST/STM32CubeIDE_1.19.0/STM32CubeIDE/plugins/com.st.stm32cube.ide.mcu.externaltools.gnu-tools-for-stm32.13.3.rel1.win32_1.0.0.202411081344/tools/bin/../lib/gcc/arm-none-eabi/13.3.1/../../../../arm-none-eabi/lib/thumb/v7e-m+fp/hard\libc_nano.a
LOAD C:/ST/STM32CubeIDE_1.19.0/STM32CubeIDE/plugins/com.st.stm32cube.ide.mcu.externaltools.gnu-tools-for-stm32.13.3.rel1.win32_1.0.0.202411081344/tools/bin/../lib/gcc/arm-none-eabi/13.3.1/../../../../arm-none-eabi/lib/thumb/v7e-m+fp/hard\libnosys.a
END GROUP
LOAD C:/ST/STM32CubeIDE_1.19.0/STM32CubeIDE/plugins/com.st.stm32cube.ide.mcu.externaltools.gnu-tools-for-stm32.13.3.rel1.win32_1.0.0.202411081344/tools/bin/../lib/gcc/arm-none-eabi/13.3.1/thumb/v7e-m+fp/hard/crtend.o
LOAD C:/ST/STM32CubeIDE_1.19.0/STM32CubeIDE/plugins/com.st.stm32cube.ide.mcu.externaltools.gnu-tools-for-stm32.13.3.rel1.win32_1.0.0.202411081344/tools/bin/../lib/gcc/arm-none-eabi/13.3.1/thumb/v7e-m+fp/hard/crtn.o
                0x20020000                        _estack = (ORIGIN (RAM) + LENGTH (RAM))
                0x00000200                        _Min_Heap_Size = 0x200
                0x00000400                        _Min_Stack_Size = 0x400

.isr_vector     0x08000000      0x188
                0x08000000                        . = ALIGN (0x4)
 *(.isr_vector)
 .isr_vector    0x08000000      0x188 ./Core/Startup/startup_stm32f407vgtx.o
                0x08000000                g_pfnVectors
                0x08000188                        . = ALIGN (0x4)

.text           0x08000188     0x1694
                0x08000188                        . = ALIGN (0x4)
 *(.text)
 .text          0x08000188       0x40 C:/ST/STM32CubeIDE_1.19.0/STM32CubeIDE/plugins/com.st.stm32cube.ide.mcu.externaltools.gnu-tools-for-stm32.13.3.rel1.win32_1.0.0.202411081344/tools/bin/../lib/gcc/arm-none-eabi/13.3.1/thumb/v7e-m+fp/hard/crtbegin.o
 .text          0x080001c8       0x30 C:/ST/STM32CubeIDE_1.19.0/STM32CubeIDE/plugins/com.st.stm32cube.ide.mcu.externaltools.gnu-tools-for-stm32.13.3.rel1.win32_1.0.0.202411081344/tools/bin/../lib/gcc/arm-none-eabi/13.3.1/thumb/v7e-m+fp/hard\libgcc.a(_aeabi_uldivmod.o)
                0x080001c8                __aeabi_uldivmod
 .text          0x080001f8      0x2f8 C:/ST/STM32CubeIDE_1.19.0/STM32CubeIDE/plugins/com.st.stm32cube.ide.mcu.externaltools.gnu-tools-for-stm32.13.3.rel1.win32_1.0.0.202411081344/tools/bin/../lib/gcc/arm-none-eabi/13.3.1/thumb/v7e-m+fp/hard\libgcc.a(_udivmoddi4.o)
                0x080001f8                __udivmoddi4
 .text          0x080004f0        0x4 C:/ST/STM32CubeIDE_1.19.0/STM32CubeIDE/plugins/com.st.stm32cube.ide.mcu.externaltools.gnu-tools-for-stm32.13.3.rel1.win32_1.0.0.202411081344/tools/bin/../lib/gcc/arm-none-eabi/13.3.1/thumb/v7e-m+fp/hard\libgcc.a(_dvmd_tls.o)
                0x080004f0                __aeabi_idiv0
                0x080004f0                __aeabi_ldiv0
 *(.text*)
 .text.main     0x080004f4       0xb8 ./Core/Src/main.o
                0x080004f4                main
 .text.SystemClock_Config
                0x080005ac       0xd4 ./Core/Src/main.o
                0x080005ac                SystemClock_Config
 .text.MX_GPIO_Init
                0x08000680       0x9c ./Core/Src/main.o
 .text.Error_Handler
                0x0800071c        0xc ./Core/Src/main.o
                0x0800071c                Error_Handler
 .text.HAL_MspInit
                0x08000728       0x50 ./Core/Src/stm32f4xx_hal_msp.o
                0x08000728                HAL_MspInit
 .text.NMI_Handler
                0x08000778        0x8 ./Core/Src/stm32f4xx_it.o
                0x08000778                NMI_Handler
 .text.HardFault_Handler
                0x08000780        0x8 ./Core/Src/stm32f4xx_it.o
                0x08000780                HardFault_Handler
 .text.MemManage_Handler
                0x08000788        0x8 ./Core/Src/stm32f4xx_it.o
                0x08000788                MemManage_Handler
 .text.BusFault_Handler
                0x08000790        0x8 ./Core/Src/stm32f4xx_it.o
                0x08000790                BusFault_Handler
 .text.UsageFault_Handler
                0x08000798        0x8 ./Core/Src/stm32f4xx_it.o
                0x08000798                UsageFault_Handler
 .text.SVC_Handler
                0x080007a0        0xe ./Core/Src/stm32f4xx_it.o
                0x080007a0                SVC_Handler
 .text.DebugMon_Handler
                0x080007ae        0xe ./Core/Src/stm32f4xx_it.o
                0x080007ae                DebugMon_Handler
 .text.PendSV_Handler
                0x080007bc        0xe ./Core/Src/stm32f4xx_it.o
                0x080007bc                PendSV_Handler
 .text.SysTick_Handler
                0x080007ca        0xc ./Core/Src/stm32f4xx_it.o
                0x080007ca                SysTick_Handler
 *fill*         0x080007d6        0x2 
 .text.SystemInit
                0x080007d8       0x24 ./Core/Src/system_stm32f4xx.o
                0x080007d8                SystemInit
 .text.Reset_Handler
                0x080007fc       0x50 ./Core/Startup/startup_stm32f407vgtx.o
                0x080007fc                Reset_Handler
 .text.Default_Handler
                0x0800084c        0x2 ./Core/Startup/startup_stm32f407vgtx.o
                0x0800084c                RTC_Alarm_IRQHandler
                0x0800084c                HASH_RNG_IRQHandler
                0x0800084c                EXTI2_IRQHandler
                0x0800084c                TIM8_CC_IRQHandler
                0x0800084c                TIM1_CC_IRQHandler
                0x0800084c                DMA2_Stream5_IRQHandler
                0x0800084c                DMA1_Stream5_IRQHandler
                0x0800084c                PVD_IRQHandler
                0x0800084c                SDIO_IRQHandler
                0x0800084c                TAMP_STAMP_IRQHandler
                0x0800084c                CAN2_RX1_IRQHandler
                0x0800084c                EXTI3_IRQHandler
                0x0800084c                TIM8_TRG_COM_TIM14_IRQHandler
                0x0800084c                TIM1_UP_TIM10_IRQHandler
                0x0800084c                TIM8_UP_TIM13_IRQHandler
                0x0800084c                I2C3_ER_IRQHandler
                0x0800084c                EXTI0_IRQHandler
                0x0800084c                I2C2_EV_IRQHandler
                0x0800084c                DMA1_Stream2_IRQHandler
                0x0800084c                CAN1_RX0_IRQHandler
                0x0800084c                FPU_IRQHandler
                0x0800084c                OTG_HS_WKUP_IRQHandler
                0x0800084c                CAN2_SCE_IRQHandler
                0x0800084c                DMA2_Stream2_IRQHandler
                0x0800084c                SPI1_IRQHandler
                0x0800084c                TIM6_DAC_IRQHandler
                0x0800084c                TIM1_BRK_TIM9_IRQHandler
                0x0800084c                DCMI_IRQHandler
                0x0800084c                CAN2_RX0_IRQHandler
                0x0800084c                DMA2_Stream3_IRQHandler
                0x0800084c                USART6_IRQHandler
                0x0800084c                USART3_IRQHandler
                0x0800084c                CAN1_RX1_IRQHandler
                0x0800084c                UART5_IRQHandler
                0x0800084c                DMA2_Stream0_IRQHandler
                0x0800084c                TIM4_IRQHandler
                0x0800084c                I2C1_EV_IRQHandler
                0x0800084c                DMA1_Stream6_IRQHandler
                0x0800084c                DMA1_Stream1_IRQHandler
                0x0800084c                UART4_IRQHandler
                0x0800084c                TIM3_IRQHandler
                0x0800084c                RCC_IRQHandler
                0x0800084c                TIM8_BRK_TIM12_IRQHandler
                0x0800084c                Default_Handler
                0x0800084c                EXTI15_10_IRQHandler
                0x0800084c                ADC_IRQHandler
                0x0800084c                DMA1_Stream7_IRQHandler
                0x0800084c                TIM7_IRQHandler
                0x0800084c                CAN2_TX_IRQHandler
                0x0800084c                TIM5_IRQHandler
                0x0800084c                DMA2_Stream7_IRQHandler
                0x0800084c                I2C3_EV_IRQHandler
                0x0800084c                EXTI9_5_IRQHandler
                0x0800084c                RTC_WKUP_IRQHandler
                0x0800084c                ETH_WKUP_IRQHandler
                0x0800084c                SPI2_IRQHandler
                0x0800084c                OTG_HS_EP1_IN_IRQHandler
                0x0800084c                DMA1_Stream0_IRQHandler
                0x0800084c                CAN1_TX_IRQHandler
                0x0800084c                EXTI4_IRQHandler
                0x0800084c                FSMC_IRQHandler
                0x0800084c                ETH_IRQHandler
                0x0800084c                OTG_HS_EP1_OUT_IRQHandler
                0x0800084c                WWDG_IRQHandler
                0x0800084c                TIM2_IRQHandler
                0x0800084c                OTG_FS_WKUP_IRQHandler
                0x0800084c                TIM1_TRG_COM_TIM11_IRQHandler
                0x0800084c                OTG_HS_IRQHandler
                0x0800084c                EXTI1_IRQHandler
                0x0800084c                USART2_IRQHandler
                0x0800084c                I2C2_ER_IRQHandler
                0x0800084c                DMA2_Stream1_IRQHandler
                0x0800084c                CAN1_SCE_IRQHandler
                0x0800084c                FLASH_IRQHandler
                0x0800084c                DMA2_Stream4_IRQHandler
                0x0800084c                USART1_IRQHandler
                0x0800084c                OTG_FS_IRQHandler
                0x0800084c                SPI3_IRQHandler
                0x0800084c                DMA1_Stream4_IRQHandler
                0x0800084c                I2C1_ER_IRQHandler
                0x0800084c                DMA2_Stream6_IRQHandler
                0x0800084c                DMA1_Stream3_IRQHandler
 *fill*         0x0800084e        0x2 
 .text.HAL_Init
                0x08000850       0x44 ./Drivers/STM32F4xx_HAL_Driver/Src/stm32f4xx_hal.o
                0x08000850                HAL_Init
 .text.HAL_InitTick
                0x08000894       0x60 ./Drivers/STM32F4xx_HAL_Driver/Src/stm32f4xx_hal.o
                0x08000894                HAL_InitTick
 .text.HAL_IncTick
                0x080008f4       0x28 ./Drivers/STM32F4xx_HAL_Driver/Src/stm32f4xx_hal.o
                0x080008f4                HAL_IncTick
 .text.HAL_GetTick
                0x0800091c       0x18 ./Drivers/STM32F4xx_HAL_Driver/Src/stm32f4xx_hal.o
                0x0800091c                HAL_GetTick
 .text.HAL_Delay
                0x08000934       0x48 ./Drivers/STM32F4xx_HAL_Driver/Src/stm32f4xx_hal.o
                0x08000934                HAL_Delay
 .text.__NVIC_SetPriorityGrouping
                0x0800097c       0x48 ./Drivers/STM32F4xx_HAL_Driver/Src/stm32f4xx_hal_cortex.o
 .text.__NVIC_GetPriorityGrouping
                0x080009c4       0x1c ./Drivers/STM32F4xx_HAL_Driver/Src/stm32f4xx_hal_cortex.o
 .text.__NVIC_SetPriority
                0x080009e0       0x54 ./Drivers/STM32F4xx_HAL_Driver/Src/stm32f4xx_hal_cortex.o
 .text.NVIC_EncodePriority
                0x08000a34       0x66 ./Drivers/STM32F4xx_HAL_Driver/Src/stm32f4xx_hal_cortex.o
 *fill*         0x08000a9a        0x2 
 .text.SysTick_Config
                0x08000a9c       0x44 ./Drivers/STM32F4xx_HAL_Driver/Src/stm32f4xx_hal_cortex.o
 .text.HAL_NVIC_SetPriorityGrouping
                0x08000ae0       0x16 ./Drivers/STM32F4xx_HAL_Driver/Src/stm32f4xx_hal_cortex.o
                0x08000ae0                HAL_NVIC_SetPriorityGrouping
 .text.HAL_NVIC_SetPriority
                0x08000af6       0x38 ./Drivers/STM32F4xx_HAL_Driver/Src/stm32f4xx_hal_cortex.o
                0x08000af6                HAL_NVIC_SetPriority
 .text.HAL_SYSTICK_Config
                0x08000b2e       0x18 ./Drivers/STM32F4xx_HAL_Driver/Src/stm32f4xx_hal_cortex.o
                0x08000b2e                HAL_SYSTICK_Config
 *fill*         0x08000b46        0x2 
 .text.HAL_GPIO_Init
                0x08000b48      0x338 ./Drivers/STM32F4xx_HAL_Driver/Src/stm32f4xx_hal_gpio.o
                0x08000b48                HAL_GPIO_Init
 .text.HAL_GPIO_ReadPin
                0x08000e80       0x30 ./Drivers/STM32F4xx_HAL_Driver/Src/stm32f4xx_hal_gpio.o
                0x08000e80                HAL_GPIO_ReadPin
 .text.HAL_GPIO_WritePin
                0x08000eb0       0x32 ./Drivers/STM32F4xx_HAL_Driver/Src/stm32f4xx_hal_gpio.o
                0x08000eb0                HAL_GPIO_WritePin
 *fill*         0x08000ee2        0x2 
 .text.HAL_RCC_OscConfig
                0x08000ee4      0x4f0 ./Drivers/STM32F4xx_HAL_Driver/Src/stm32f4xx_hal_rcc.o
                0x08000ee4                HAL_RCC_OscConfig
 .text.HAL_RCC_ClockConfig
                0x080013d4      0x1cc ./Drivers/STM32F4xx_HAL_Driver/Src/stm32f4xx_hal_rcc.o
                0x080013d4                HAL_RCC_ClockConfig
 .text.HAL_RCC_GetSysClockFreq
                0x080015a0      0x20c ./Drivers/STM32F4xx_HAL_Driver/Src/stm32f4xx_hal_rcc.o
                0x080015a0                HAL_RCC_GetSysClockFreq
 .text.memset   0x080017ac       0x10 C:/ST/STM32CubeIDE_1.19.0/STM32CubeIDE/plugins/com.st.stm32cube.ide.mcu.externaltools.gnu-tools-for-stm32.13.3.rel1.win32_1.0.0.202411081344/tools/bin/../lib/gcc/arm-none-eabi/13.3.1/../../../../arm-none-eabi/lib/thumb/v7e-m+fp/hard\libc_nano.a(libc_a-memset.o)
                0x080017ac                memset
 .text.__libc_init_array
                0x080017bc       0x48 C:/ST/STM32CubeIDE_1.19.0/STM32CubeIDE/plugins/com.st.stm32cube.ide.mcu.externaltools.gnu-tools-for-stm32.13.3.rel1.win32_1.0.0.202411081344/tools/bin/../lib/gcc/arm-none-eabi/13.3.1/../../../../arm-none-eabi/lib/thumb/v7e-m+fp/hard\libc_nano.a(libc_a-init.o)
                0x080017bc                __libc_init_array
 *(.glue_7)
 .glue_7        0x08001804        0x0 linker stubs
 *(.glue_7t)
 .glue_7t       0x08001804        0x0 linker stubs
 *(.eh_frame)
 .eh_frame      0x08001804        0x0 C:/ST/STM32CubeIDE_1.19.0/STM32CubeIDE/plugins/com.st.stm32cube.ide.mcu.externaltools.gnu-tools-for-stm32.13.3.rel1.win32_1.0.0.202411081344/tools/bin/../lib/gcc/arm-none-eabi/13.3.1/thumb/v7e-m+fp/hard/crtbegin.o
 *(.init)
 .init          0x08001804        0x4 C:/ST/STM32CubeIDE_1.19.0/STM32CubeIDE/plugins/com.st.stm32cube.ide.mcu.externaltools.gnu-tools-for-stm32.13.3.rel1.win32_1.0.0.202411081344/tools/bin/../lib/gcc/arm-none-eabi/13.3.1/thumb/v7e-m+fp/hard/crti.o
                0x08001804                _init
 .init          0x08001808        0x8 C:/ST/STM32CubeIDE_1.19.0/STM32CubeIDE/plugins/com.st.stm32cube.ide.mcu.externaltools.gnu-tools-for-stm32.13.3.rel1.win32_1.0.0.202411081344/tools/bin/../lib/gcc/arm-none-eabi/13.3.1/thumb/v7e-m+fp/hard/crtn.o
 *(.fini)
 .fini          0x08001810        0x4 C:/ST/STM32CubeIDE_1.19.0/STM32CubeIDE/plugins/com.st.stm32cube.ide.mcu.externaltools.gnu-tools-for-stm32.13.3.rel1.win32_1.0.0.202411081344/tools/bin/../lib/gcc/arm-none-eabi/13.3.1/thumb/v7e-m+fp/hard/crti.o
                0x08001810                _fini
 .fini          0x08001814        0x8 C:/ST/STM32CubeIDE_1.19.0/STM32CubeIDE/plugins/com.st.stm32cube.ide.mcu.externaltools.gnu-tools-for-stm32.13.3.rel1.win32_1.0.0.202411081344/tools/bin/../lib/gcc/arm-none-eabi/13.3.1/thumb/v7e-m+fp/hard/crtn.o
                0x0800181c                        . = ALIGN (0x4)
                0x0800181c                        _etext = .

.vfp11_veneer   0x0800181c        0x0
 .vfp11_veneer  0x0800181c        0x0 linker stubs

.v4_bx          0x0800181c        0x0
 .v4_bx         0x0800181c        0x0 linker stubs

.iplt           0x0800181c        0x0
 .iplt          0x0800181c        0x0 C:/ST/STM32CubeIDE_1.19.0/STM32CubeIDE/plugins/com.st.stm32cube.ide.mcu.externaltools.gnu-tools-for-stm32.13.3.rel1.win32_1.0.0.202411081344/tools/bin/../lib/gcc/arm-none-eabi/13.3.1/thumb/v7e-m+fp/hard/crtbegin.o

.rodata         0x0800181c       0x10
                0x0800181c                        . = ALIGN (0x4)
 *(.rodata)
 *(.rodata*)
 .rodata.AHBPrescTable
                0x0800181c       0x10 ./Core/Src/system_stm32f4xx.o
                0x0800181c                AHBPrescTable
                0x0800182c                        . = ALIGN (0x4)

.ARM.extab      0x0800182c        0x0
                0x0800182c                        . = ALIGN (0x4)
 *(.ARM.extab* .gnu.linkonce.armextab.*)
                0x0800182c                        . = ALIGN (0x4)

.ARM            0x0800182c        0x8
                0x0800182c                        . = ALIGN (0x4)
                0x0800182c                        __exidx_start = .
 *(.ARM.exidx*)
 .ARM.exidx     0x0800182c        0x8 C:/ST/STM32CubeIDE_1.19.0/STM32CubeIDE/plugins/com.st.stm32cube.ide.mcu.externaltools.gnu-tools-for-stm32.13.3.rel1.win32_1.0.0.202411081344/tools/bin/../lib/gcc/arm-none-eabi/13.3.1/thumb/v7e-m+fp/hard\libgcc.a(_udivmoddi4.o)
                0x08001834                        __exidx_end = .
                0x08001834                        . = ALIGN (0x4)

.preinit_array  0x08001834        0x0
                0x08001834                        . = ALIGN (0x4)
                0x08001834                        PROVIDE (__preinit_array_start = .)
 *(.preinit_array*)
                0x08001834                        PROVIDE (__preinit_array_end = .)
                0x08001834                        . = ALIGN (0x4)

.init_array     0x08001834        0x4
                0x08001834                        . = ALIGN (0x4)
                0x08001834                        PROVIDE (__init_array_start = .)
 *(SORT_BY_NAME(.init_array.*))
 *(.init_array*)
 .init_array    0x08001834        0x4 C:/ST/STM32CubeIDE_1.19.0/STM32CubeIDE/plugins/com.st.stm32cube.ide.mcu.externaltools.gnu-tools-for-stm32.13.3.rel1.win32_1.0.0.202411081344/tools/bin/../lib/gcc/arm-none-eabi/13.3.1/thumb/v7e-m+fp/hard/crtbegin.o
                0x08001838                        PROVIDE (__init_array_end = .)
                0x08001838                        . = ALIGN (0x4)

.fini_array     0x08001838        0x4
                0x08001838                        . = ALIGN (0x4)
                [!provide]                        PROVIDE (__fini_array_start = .)
 *(SORT_BY_NAME(.fini_array.*))
 *(.fini_array*)
 .fini_array    0x08001838        0x4 C:/ST/STM32CubeIDE_1.19.0/STM32CubeIDE/plugins/com.st.stm32cube.ide.mcu.externaltools.gnu-tools-for-stm32.13.3.rel1.win32_1.0.0.202411081344/tools/bin/../lib/gcc/arm-none-eabi/13.3.1/thumb/v7e-m+fp/hard/crtbegin.o
                [!provide]                        PROVIDE (__fini_array_end = .)
                0x0800183c                        . = ALIGN (0x4)
                0x0800183c                        _sidata = LOADADDR (.data)

.rel.dyn        0x0800183c        0x0
 .rel.iplt      0x0800183c        0x0 C:/ST/STM32CubeIDE_1.19.0/STM32CubeIDE/plugins/com.st.stm32cube.ide.mcu.externaltools.gnu-tools-for-stm32.13.3.rel1.win32_1.0.0.202411081344/tools/bin/../lib/gcc/arm-none-eabi/13.3.1/thumb/v7e-m+fp/hard/crtbegin.o

.data           0x20000000        0xc load address 0x0800183c
                0x20000000                        . = ALIGN (0x4)
                0x20000000                        _sdata = .
 *(.data)
 *(.data*)
 .data.SystemCoreClock
                0x20000000        0x4 ./Core/Src/system_stm32f4xx.o
                0x20000000                SystemCoreClock
 .data.uwTickPrio
                0x20000004        0x4 ./Drivers/STM32F4xx_HAL_Driver/Src/stm32f4xx_hal.o
                0x20000004                uwTickPrio
 .data.uwTickFreq
                0x20000008        0x1 ./Drivers/STM32F4xx_HAL_Driver/Src/stm32f4xx_hal.o
                0x20000008                uwTickFreq
 *(.RamFunc)
 *(.RamFunc*)
                0x2000000c                        . = ALIGN (0x4)
 *fill*         0x20000009        0x3 
                0x2000000c                        _edata = .
                0x08001848                        _siccmram = LOADADDR (.ccmram)

.igot.plt       0x2000000c        0x0 load address 0x08001848
 .igot.plt      0x2000000c        0x0 C:/ST/STM32CubeIDE_1.19.0/STM32CubeIDE/plugins/com.st.stm32cube.ide.mcu.externaltools.gnu-tools-for-stm32.13.3.rel1.win32_1.0.0.202411081344/tools/bin/../lib/gcc/arm-none-eabi/13.3.1/thumb/v7e-m+fp/hard/crtbegin.o

.ccmram         0x10000000        0x0 load address 0x08001848
                0x10000000                        . = ALIGN (0x4)
                0x10000000                        _sccmram = .
 *(.ccmram)
 *(.ccmram*)
                0x10000000                        . = ALIGN (0x4)
                0x10000000                        _eccmram = .
                0x10000000                        . = ALIGN (0x4)

.bss            0x2000000c       0x20
                0x2000000c                        _sbss = .
                0x2000000c                        __bss_start__ = _sbss
 *(.bss)
 .bss           0x2000000c       0x1c C:/ST/STM32CubeIDE_1.19.0/STM32CubeIDE/plugins/com.st.stm32cube.ide.mcu.externaltools.gnu-tools-for-stm32.13.3.rel1.win32_1.0.0.202411081344/tools/bin/../lib/gcc/arm-none-eabi/13.3.1/thumb/v7e-m+fp/hard/crtbegin.o
 *(.bss*)
 .bss.uwTick    0x20000028        0x4 ./Drivers/STM32F4xx_HAL_Driver/Src/stm32f4xx_hal.o
                0x20000028                uwTick
 *(COMMON)
                0x2000002c                        . = ALIGN (0x4)
                0x2000002c                        _ebss = .
                0x2000002c                        __bss_end__ = _ebss

._user_heap_stack
                0x2000002c      0x604
                0x20000030                        . = ALIGN (0x8)
 *fill*         0x2000002c        0x4 
                [!provide]                        PROVIDE (end = .)
                0x20000030                        PROVIDE (_end = .)
                0x20000230                        . = (. + _Min_Heap_Size)
 *fill*         0x20000030      0x200 
                0x20000630                        . = (. + _Min_Stack_Size)
 *fill*         0x20000230      0x400 
                0x20000630                        . = ALIGN (0x8)

/DISCARD/
 libc.a(*)
 libm.a(*)
 libgcc.a(*)

.ARM.attributes
                0x00000000       0x30
 *(.ARM.attributes)
 .ARM.attributes
                0x00000000       0x22 C:/ST/STM32CubeIDE_1.19.0/STM32CubeIDE/plugins/com.st.stm32cube.ide.mcu.externaltools.gnu-tools-for-stm32.13.3.rel1.win32_1.0.0.202411081344/tools/bin/../lib/gcc/arm-none-eabi/13.3.1/thumb/v7e-m+fp/hard/crti.o
 .ARM.attributes
                0x00000022       0x34 C:/ST/STM32CubeIDE_1.19.0/STM32CubeIDE/plugins/com.st.stm32cube.ide.mcu.externaltools.gnu-tools-for-stm32.13.3.rel1.win32_1.0.0.202411081344/tools/bin/../lib/gcc/arm-none-eabi/13.3.1/thumb/v7e-m+fp/hard/crtbegin.o
 .ARM.attributes
                0x00000056       0x34 ./Core/Src/main.o
 .ARM.attributes
                0x0000008a       0x34 ./Core/Src/stm32f4xx_hal_msp.o
 .ARM.attributes
                0x000000be       0x34 ./Core/Src/stm32f4xx_it.o
 .ARM.attributes
                0x000000f2       0x34 ./Core/Src/system_stm32f4xx.o
 .ARM.attributes
                0x00000126       0x21 ./Core/Startup/startup_stm32f407vgtx.o
 .ARM.attributes
                0x00000147       0x34 ./Drivers/STM32F4xx_HAL_Driver/Src/stm32f4xx_hal.o
 .ARM.attributes
                0x0000017b       0x34 ./Drivers/STM32F4xx_HAL_Driver/Src/stm32f4xx_hal_cortex.o
 .ARM.attributes
                0x000001af       0x34 ./Drivers/STM32F4xx_HAL_Driver/Src/stm32f4xx_hal_gpio.o
 .ARM.attributes
                0x000001e3       0x34 ./Drivers/STM32F4xx_HAL_Driver/Src/stm32f4xx_hal_rcc.o
 .ARM.attributes
                0x00000217       0x34 C:/ST/STM32CubeIDE_1.19.0/STM32CubeIDE/plugins/com.st.stm32cube.ide.mcu.externaltools.gnu-tools-for-stm32.13.3.rel1.win32_1.0.0.202411081344/tools/bin/../lib/gcc/arm-none-eabi/13.3.1/../../../../arm-none-eabi/lib/thumb/v7e-m+fp/hard\libc_nano.a(libc_a-memset.o)
 .ARM.attributes
                0x0000024b       0x34 C:/ST/STM32CubeIDE_1.19.0/STM32CubeIDE/plugins/com.st.stm32cube.ide.mcu.externaltools.gnu-tools-for-stm32.13.3.rel1.win32_1.0.0.202411081344/tools/bin/../lib/gcc/arm-none-eabi/13.3.1/../../../../arm-none-eabi/lib/thumb/v7e-m+fp/hard\libc_nano.a(libc_a-init.o)
 .ARM.attributes
                0x0000027f       0x22 C:/ST/STM32CubeIDE_1.19.0/STM32CubeIDE/plugins/com.st.stm32cube.ide.mcu.externaltools.gnu-tools-for-stm32.13.3.rel1.win32_1.0.0.202411081344/tools/bin/../lib/gcc/arm-none-eabi/13.3.1/thumb/v7e-m+fp/hard\libgcc.a(_aeabi_uldivmod.o)
 .ARM.attributes
                0x000002a1       0x34 C:/ST/STM32CubeIDE_1.19.0/STM32CubeIDE/plugins/com.st.stm32cube.ide.mcu.externaltools.gnu-tools-for-stm32.13.3.rel1.win32_1.0.0.202411081344/tools/bin/../lib/gcc/arm-none-eabi/13.3.1/thumb/v7e-m+fp/hard\libgcc.a(_udivmoddi4.o)
 .ARM.attributes
                0x000002d5       0x22 C:/ST/STM32CubeIDE_1.19.0/STM32CubeIDE/plugins/com.st.stm32cube.ide.mcu.externaltools.gnu-tools-for-stm32.13.3.rel1.win32_1.0.0.202411081344/tools/bin/../lib/gcc/arm-none-eabi/13.3.1/thumb/v7e-m+fp/hard\libgcc.a(_dvmd_tls.o)
 .ARM.attributes
                0x000002f7       0x22 C:/ST/STM32CubeIDE_1.19.0/STM32CubeIDE/plugins/com.st.stm32cube.ide.mcu.externaltools.gnu-tools-for-stm32.13.3.rel1.win32_1.0.0.202411081344/tools/bin/../lib/gcc/arm-none-eabi/13.3.1/thumb/v7e-m+fp/hard/crtn.o
OUTPUT(16_Buton_Basma_Suresi_Kadar_LED_Yan_Son.elf elf32-littlearm)
LOAD linker stubs
LOAD C:/ST/STM32CubeIDE_1.19.0/STM32CubeIDE/plugins/com.st.stm32cube.ide.mcu.externaltools.gnu-tools-for-stm32.13.3.rel1.win32_1.0.0.202411081344/tools/bin/../lib/gcc/arm-none-eabi/13.3.1/../../../../arm-none-eabi/lib/thumb/v7e-m+fp/hard\libc.a
LOAD C:/ST/STM32CubeIDE_1.19.0/STM32CubeIDE/plugins/com.st.stm32cube.ide.mcu.externaltools.gnu-tools-for-stm32.13.3.rel1.win32_1.0.0.202411081344/tools/bin/../lib/gcc/arm-none-eabi/13.3.1/../../../../arm-none-eabi/lib/thumb/v7e-m+fp/hard\libm.a
LOAD C:/ST/STM32CubeIDE_1.19.0/STM32CubeIDE/plugins/com.st.stm32cube.ide.mcu.externaltools.gnu-tools-for-stm32.13.3.rel1.win32_1.0.0.202411081344/tools/bin/../lib/gcc/arm-none-eabi/13.3.1/thumb/v7e-m+fp/hard\libgcc.a

.debug_info     0x00000000     0x35fc
 .debug_info    0x00000000      0x6e9 ./Core/Src/main.o
 .debug_info    0x000006e9      0x269 ./Core/Src/stm32f4xx_hal_msp.o
 .debug_info    0x00000952      0x112 ./Core/Src/stm32f4xx_it.o
 .debug_info    0x00000a64      0x512 ./Core/Src/system_stm32f4xx.o
 .debug_info    0x00000f76       0x30 ./Core/Startup/startup_stm32f407vgtx.o
 .debug_info    0x00000fa6      0x944 ./Drivers/STM32F4xx_HAL_Driver/Src/stm32f4xx_hal.o
 .debug_info    0x000018ea      0xd8c ./Drivers/STM32F4xx_HAL_Driver/Src/stm32f4xx_hal_cortex.o
 .debug_info    0x00002676      0x6c3 ./Drivers/STM32F4xx_HAL_Driver/Src/stm32f4xx_hal_gpio.o
 .debug_info    0x00002d39      0x8c3 ./Drivers/STM32F4xx_HAL_Driver/Src/stm32f4xx_hal_rcc.o

.debug_abbrev   0x00000000      0xe6c
 .debug_abbrev  0x00000000      0x227 ./Core/Src/main.o
 .debug_abbrev  0x00000227       0xd8 ./Core/Src/stm32f4xx_hal_msp.o
 .debug_abbrev  0x000002ff       0x73 ./Core/Src/stm32f4xx_it.o
 .debug_abbrev  0x00000372      0x11a ./Core/Src/system_stm32f4xx.o
 .debug_abbrev  0x0000048c       0x24 ./Core/Startup/startup_stm32f407vgtx.o
 .debug_abbrev  0x000004b0      0x214 ./Drivers/STM32F4xx_HAL_Driver/Src/stm32f4xx_hal.o
 .debug_abbrev  0x000006c4      0x31d ./Drivers/STM32F4xx_HAL_Driver/Src/stm32f4xx_hal_cortex.o
 .debug_abbrev  0x000009e1      0x1d4 ./Drivers/STM32F4xx_HAL_Driver/Src/stm32f4xx_hal_gpio.o
 .debug_abbrev  0x00000bb5      0x2b7 ./Drivers/STM32F4xx_HAL_Driver/Src/stm32f4xx_hal_rcc.o

.debug_aranges  0x00000000      0x408
 .debug_aranges
                0x00000000       0x38 ./Core/Src/main.o
 .debug_aranges
                0x00000038       0x20 ./Core/Src/stm32f4xx_hal_msp.o
 .debug_aranges
                0x00000058       0x60 ./Core/Src/stm32f4xx_it.o
 .debug_aranges
                0x000000b8       0x28 ./Core/Src/system_stm32f4xx.o
 .debug_aranges
                0x000000e0       0x28 ./Core/Startup/startup_stm32f407vgtx.o
 .debug_aranges
                0x00000108       0xf0 ./Drivers/STM32F4xx_HAL_Driver/Src/stm32f4xx_hal.o
 .debug_aranges
                0x000001f8      0x130 ./Drivers/STM32F4xx_HAL_Driver/Src/stm32f4xx_hal_cortex.o
 .debug_aranges
                0x00000328       0x58 ./Drivers/STM32F4xx_HAL_Driver/Src/stm32f4xx_hal_gpio.o
 .debug_aranges
                0x00000380       0x88 ./Drivers/STM32F4xx_HAL_Driver/Src/stm32f4xx_hal_rcc.o

.debug_rnglists
                0x00000000      0x2e5
 .debug_rnglists
                0x00000000       0x28 ./Core/Src/main.o
 .debug_rnglists
                0x00000028       0x13 ./Core/Src/stm32f4xx_hal_msp.o
 .debug_rnglists
                0x0000003b       0x43 ./Core/Src/stm32f4xx_it.o
 .debug_rnglists
                0x0000007e       0x1a ./Core/Src/system_stm32f4xx.o
 .debug_rnglists
                0x00000098       0x19 ./Core/Startup/startup_stm32f407vgtx.o
 .debug_rnglists
                0x000000b1       0xaf ./Drivers/STM32F4xx_HAL_Driver/Src/stm32f4xx_hal.o
 .debug_rnglists
                0x00000160       0xe0 ./Drivers/STM32F4xx_HAL_Driver/Src/stm32f4xx_hal_cortex.o
 .debug_rnglists
                0x00000240       0x3f ./Drivers/STM32F4xx_HAL_Driver/Src/stm32f4xx_hal_gpio.o
 .debug_rnglists
                0x0000027f       0x66 ./Drivers/STM32F4xx_HAL_Driver/Src/stm32f4xx_hal_rcc.o

.debug_macro    0x00000000    0x1ee01
 .debug_macro   0x00000000      0x1ba ./Core/Src/main.o
 .debug_macro   0x000001ba      0xad8 ./Core/Src/main.o
 .debug_macro   0x00000c92      0x28f ./Core/Src/main.o
 .debug_macro   0x00000f21       0x2e ./Core/Src/main.o
 .debug_macro   0x00000f4f       0x2f ./Core/Src/main.o
 .debug_macro   0x00000f7e       0x22 ./Core/Src/main.o
 .debug_macro   0x00000fa0       0x8e ./Core/Src/main.o
 .debug_macro   0x0000102e       0x51 ./Core/Src/main.o
 .debug_macro   0x0000107f      0x103 ./Core/Src/main.o
 .debug_macro   0x00001182       0x6a ./Core/Src/main.o
 .debug_macro   0x000011ec      0x1df ./Core/Src/main.o
 .debug_macro   0x000013cb       0x1c ./Core/Src/main.o
 .debug_macro   0x000013e7       0x22 ./Core/Src/main.o
 .debug_macro   0x00001409       0xfb ./Core/Src/main.o
 .debug_macro   0x00001504     0x1011 ./Core/Src/main.o
 .debug_macro   0x00002515      0x11f ./Core/Src/main.o
 .debug_macro   0x00002634    0x15ea5 ./Core/Src/main.o
 .debug_macro   0x000184d9       0x6d ./Core/Src/main.o
 .debug_macro   0x00018546     0x3693 ./Core/Src/main.o
 .debug_macro   0x0001bbd9      0x190 ./Core/Src/main.o
 .debug_macro   0x0001bd69       0x5c ./Core/Src/main.o
 .debug_macro   0x0001bdc5      0x980 ./Core/Src/main.o
 .debug_macro   0x0001c745      0x9e9 ./Core/Src/main.o
 .debug_macro   0x0001d12e      0x115 ./Core/Src/main.o
 .debug_macro   0x0001d243      0x13e ./Core/Src/main.o
 .debug_macro   0x0001d381       0xa5 ./Core/Src/main.o
 .debug_macro   0x0001d426      0x174 ./Core/Src/main.o
 .debug_macro   0x0001d59a      0x287 ./Core/Src/main.o
 .debug_macro   0x0001d821       0x5f ./Core/Src/main.o
 .debug_macro   0x0001d880      0x236 ./Core/Src/main.o
 .debug_macro   0x0001dab6      0x12c ./Core/Src/main.o
 .debug_macro   0x0001dbe2      0x21e ./Core/Src/main.o
 .debug_macro   0x0001de00       0x2e ./Core/Src/main.o
 .debug_macro   0x0001de2e      0x127 ./Core/Src/main.o
 .debug_macro   0x0001df55       0x7e ./Core/Src/main.o
 .debug_macro   0x0001dfd3       0x89 ./Core/Src/main.o
 .debug_macro   0x0001e05c      0x12d ./Core/Src/main.o
 .debug_macro   0x0001e189      0x1ba ./Core/Src/stm32f4xx_hal_msp.o
 .debug_macro   0x0001e343      0x1c4 ./Core/Src/stm32f4xx_it.o
 .debug_macro   0x0001e507      0x1b0 ./Core/Src/system_stm32f4xx.o
 .debug_macro   0x0001e6b7      0x210 ./Drivers/STM32F4xx_HAL_Driver/Src/stm32f4xx_hal.o
 .debug_macro   0x0001e8c7      0x1b0 ./Drivers/STM32F4xx_HAL_Driver/Src/stm32f4xx_hal_cortex.o
 .debug_macro   0x0001ea77      0x1b6 ./Drivers/STM32F4xx_HAL_Driver/Src/stm32f4xx_hal_gpio.o
 .debug_macro   0x0001ec2d      0x1d4 ./Drivers/STM32F4xx_HAL_Driver/Src/stm32f4xx_hal_rcc.o

.debug_line     0x00000000     0x4e8a
 .debug_line    0x00000000      0x801 ./Core/Src/main.o
 .debug_line    0x00000801      0x6fd ./Core/Src/stm32f4xx_hal_msp.o
 .debug_line    0x00000efe      0x7ac ./Core/Src/stm32f4xx_it.o
 .debug_line    0x000016aa      0x773 ./Core/Src/system_stm32f4xx.o
 .debug_line    0x00001e1d       0x7a ./Core/Startup/startup_stm32f407vgtx.o
 .debug_line    0x00001e97      0x9ef ./Drivers/STM32F4xx_HAL_Driver/Src/stm32f4xx_hal.o
 .debug_line    0x00002886      0xcbf ./Drivers/STM32F4xx_HAL_Driver/Src/stm32f4xx_hal_cortex.o
 .debug_line    0x00003545      0xb47 ./Drivers/STM32F4xx_HAL_Driver/Src/stm32f4xx_hal_gpio.o
 .debug_line    0x0000408c      0xdfe ./Drivers/STM32F4xx_HAL_Driver/Src/stm32f4xx_hal_rcc.o

.debug_str      0x00000000    0xbc4f0
 .debug_str     0x00000000    0xbc4f0 ./Core/Src/main.o
                              0xbb375 (size before relaxing)
 .debug_str     0x000bc4f0    0xbb097 ./Core/Src/stm32f4xx_hal_msp.o
 .debug_str     0x000bc4f0    0xbb01d ./Core/Src/stm32f4xx_it.o
 .debug_str     0x000bc4f0    0xbb147 ./Core/Src/system_stm32f4xx.o
 .debug_str     0x000bc4f0       0xa2 ./Core/Startup/startup_stm32f407vgtx.o
 .debug_str     0x000bc4f0    0xbbccb ./Drivers/STM32F4xx_HAL_Driver/Src/stm32f4xx_hal.o
 .debug_str     0x000bc4f0    0xbba47 ./Drivers/STM32F4xx_HAL_Driver/Src/stm32f4xx_hal_cortex.o
 .debug_str     0x000bc4f0    0xbb2c2 ./Drivers/STM32F4xx_HAL_Driver/Src/stm32f4xx_hal_gpio.o
 .debug_str     0x000bc4f0    0xbb57b ./Drivers/STM32F4xx_HAL_Driver/Src/stm32f4xx_hal_rcc.o

.comment        0x00000000       0x43
 .comment       0x00000000       0x43 ./Core/Src/main.o
                                 0x44 (size before relaxing)
 .comment       0x00000043       0x44 ./Core/Src/stm32f4xx_hal_msp.o
 .comment       0x00000043       0x44 ./Core/Src/stm32f4xx_it.o
 .comment       0x00000043       0x44 ./Core/Src/system_stm32f4xx.o
 .comment       0x00000043       0x44 ./Drivers/STM32F4xx_HAL_Driver/Src/stm32f4xx_hal.o
 .comment       0x00000043       0x44 ./Drivers/STM32F4xx_HAL_Driver/Src/stm32f4xx_hal_cortex.o
 .comment       0x00000043       0x44 ./Drivers/STM32F4xx_HAL_Driver/Src/stm32f4xx_hal_gpio.o
 .comment       0x00000043       0x44 ./Drivers/STM32F4xx_HAL_Driver/Src/stm32f4xx_hal_rcc.o

.debug_frame    0x00000000      0xe8c
 .debug_frame   0x00000000       0x90 ./Core/Src/main.o
 .debug_frame   0x00000090       0x38 ./Core/Src/stm32f4xx_hal_msp.o
 .debug_frame   0x000000c8      0x104 ./Core/Src/stm32f4xx_it.o
 .debug_frame   0x000001cc       0x58 ./Core/Src/system_stm32f4xx.o
 .debug_frame   0x00000224      0x374 ./Drivers/STM32F4xx_HAL_Driver/Src/stm32f4xx_hal.o
 .debug_frame   0x00000598      0x508 ./Drivers/STM32F4xx_HAL_Driver/Src/stm32f4xx_hal_cortex.o
 .debug_frame   0x00000aa0      0x14c ./Drivers/STM32F4xx_HAL_Driver/Src/stm32f4xx_hal_gpio.o
 .debug_frame   0x00000bec      0x1f4 ./Drivers/STM32F4xx_HAL_Driver/Src/stm32f4xx_hal_rcc.o
 .debug_frame   0x00000de0       0x20 C:/ST/STM32CubeIDE_1.19.0/STM32CubeIDE/plugins/com.st.stm32cube.ide.mcu.externaltools.gnu-tools-for-stm32.13.3.rel1.win32_1.0.0.202411081344/tools/bin/../lib/gcc/arm-none-eabi/13.3.1/../../../../arm-none-eabi/lib/thumb/v7e-m+fp/hard\libc_nano.a(libc_a-memset.o)
 .debug_frame   0x00000e00       0x2c C:/ST/STM32CubeIDE_1.19.0/STM32CubeIDE/plugins/com.st.stm32cube.ide.mcu.externaltools.gnu-tools-for-stm32.13.3.rel1.win32_1.0.0.202411081344/tools/bin/../lib/gcc/arm-none-eabi/13.3.1/../../../../arm-none-eabi/lib/thumb/v7e-m+fp/hard\libc_nano.a(libc_a-init.o)
 .debug_frame   0x00000e2c       0x2c C:/ST/STM32CubeIDE_1.19.0/STM32CubeIDE/plugins/com.st.stm32cube.ide.mcu.externaltools.gnu-tools-for-stm32.13.3.rel1.win32_1.0.0.202411081344/tools/bin/../lib/gcc/arm-none-eabi/13.3.1/thumb/v7e-m+fp/hard\libgcc.a(_aeabi_uldivmod.o)
 .debug_frame   0x00000e58       0x34 C:/ST/STM32CubeIDE_1.19.0/STM32CubeIDE/plugins/com.st.stm32cube.ide.mcu.externaltools.gnu-tools-for-stm32.13.3.rel1.win32_1.0.0.202411081344/tools/bin/../lib/gcc/arm-none-eabi/13.3.1/thumb/v7e-m+fp/hard\libgcc.a(_udivmoddi4.o)

.debug_line_str
                0x00000000       0x86
 .debug_line_str
                0x00000000       0x86 ./Core/Startup/startup_stm32f407vgtx.o
